// Jest Snapshot v1, https://goo.gl/fbAQLP

exports[`SearchBar component renders the UI as expected 1`] = `
<form
  className="css-79elbk"
  onSubmit={[MockFunction]}
>
  <input
    className="css-1ich0l"
    id="searchTerm"
    type="text"
  />
  <button
    className="css-1blg6he"
    type="submit"
  >
    Search
  </button>
</form>
`;
