// Jest Snapshot v1, https://goo.gl/fbAQLP

exports[`MainLayout component renders the UI as expected 1`] = `
Array [
  <form
    className="css-79elbk"
    onSubmit={[Function]}
  >
    <input
      className="css-1ich0l"
      id="searchTerm"
      type="text"
    />
    <button
      className="css-1blg6he"
      type="submit"
    >
      Search
    </button>
  </form>,
  <div
    className="css-r0qpvp"
  >
    
  </div>,
  <h1
    className="css-ag576t"
  >
    <img
      alt="red heart icon"
      className="css-19vi65q"
      onClick={[Function]}
      src="test-file-stub"
      style={
        Object {
          "marginRight": "30px",
        }
      }
    />
    Favorites
  </h1>,
  <div
    className="css-1740rzu"
  >
    <div
      className="css-79elbk"
    >
      <img
        alt="dog"
        className="css-aynx1p"
        src="https://images.dog.ceo/breeds/hound-afghan/n02088094_1023.jpg"
      />
      <img
        alt="white heart icon"
        className="css-19vi65q"
        onClick={[Function]}
        src="test-file-stub"
        style={
          Object {
            "bottom": "34px",
            "position": "absolute",
            "right": "10px",
          }
        }
      />
    </div>
  </div>,
]
`;
